
  .   ____          _            __ _ _
 /\\ / ___'_ __ _ _(_)_ __  __ _ \ \ \ \
( ( )\___ | '_ | '_| | '_ \/ _` | \ \ \ \
 \\/  ___)| |_)| | | | | || (_| |  ) ) ) )
  '  |____| .__|_| |_|_| |_\__, | / / / /
 =========|_|==============|___/=/_/_/_/

 :: Spring Boot ::                (v4.0.6)

2026-08-31T13:40:06.922+02:00  INFO 8216 --- [backend] [           main] com.yspace.backend.BackendApplication    : Starting BackendApplication using Java 26.0.1 with PID 8216 (C:\Users\malco\Desktop\YSPACE\YSpace-main\YSpace-main\backend\target\classes started by malco in C:\Users\malco\Desktop\YSPACE\YSpace-main\YSpace-main\backend)
2026-08-31T13:40:06.927+02:00  INFO 8216 --- [backend] [           main] com.yspace.backend.BackendApplication    : No active profile set, falling back to 1 default profile: "default"
2026-08-31T13:40:07.468+02:00  INFO 8216 --- [backend] [           main] .s.d.r.c.RepositoryConfigurationDelegate : Bootstrapping Spring Data JPA repositories in DEFAULT mode.
2026-08-31T13:40:07.531+02:00  INFO 8216 --- [backend] [           main] .s.d.r.c.RepositoryConfigurationDelegate : Finished Spring Data repository scanning in 56 ms. Found 10 JPA repository interfaces.
2026-08-31T13:40:07.904+02:00  INFO 8216 --- [backend] [           main] o.s.boot.tomcat.TomcatWebServer          : Tomcat initialized with port 8081 (http)
2026-08-31T13:40:07.914+02:00  INFO 8216 --- [backend] [           main] o.apache.catalina.core.StandardService   : Starting service [Tomcat]
2026-08-31T13:40:07.914+02:00  INFO 8216 --- [backend] [           main] o.apache.catalina.core.StandardEngine    : Starting Servlet engine: [Apache Tomcat/11.0.21]
2026-08-31T13:40:07.961+02:00  INFO 8216 --- [backend] [           main] b.w.c.s.WebApplicationContextInitializer : Root WebApplicationContext: initialization completed in 995 ms
2026-08-31T13:40:08.051+02:00  INFO 8216 --- [backend] [           main] org.hibernate.orm.jpa                    : HHH008540: Processing PersistenceUnitInfo [name: default]
2026-08-31T13:40:08.092+02:00  INFO 8216 --- [backend] [           main] org.hibernate.orm.core                   : HHH000001: Hibernate ORM core version 7.2.12.Final
2026-08-31T13:40:08.467+02:00  INFO 8216 --- [backend] [           main] o.s.o.j.p.SpringPersistenceUnitInfo      : No LoadTimeWeaver setup: ignoring JPA class transformer
2026-08-31T13:40:08.492+02:00  INFO 8216 --- [backend] [           main] com.zaxxer.hikari.HikariDataSource       : HikariPool-1 - Starting...
2026-08-31T13:40:09.014+02:00  INFO 8216 --- [backend] [           main] com.zaxxer.hikari.pool.HikariPool        : HikariPool-1 - Added connection com.mysql.cj.jdbc.ConnectionImpl@6fe5da76
2026-08-31T13:40:09.016+02:00  INFO 8216 --- [backend] [           main] com.zaxxer.hikari.HikariDataSource       : HikariPool-1 - Start completed.
2026-08-31T13:40:09.109+02:00  WARN 8216 --- [backend] [           main] org.hibernate.orm.deprecation            : HHH90000025: MySQLDialect does not need to be specified explicitly using 'hibernate.dialect' (remove the property setting and it will be selected by default)
2026-08-31T13:40:09.147+02:00  INFO 8216 --- [backend] [           main] org.hibernate.orm.connections.pooling    : HHH10001005: Database info:
	Database JDBC URL [jdbc:mysql://mysql-309b449a-deskthings.c.aivencloud.com:12541/yspace_db?sslMode=REQUIRED]
	Database driver: MySQL Connector/J
	Database dialect: MySQLDialect
	Database version: 8.0.45
	Default catalog/schema: yspace_db/undefined
	Autocommit mode: undefined/unknown
	Isolation level: REPEATABLE_READ [default REPEATABLE_READ]
	JDBC fetch size: none
	Pool: DataSourceConnectionProvider
	Minimum pool size: undefined/unknown
	Maximum pool size: undefined/unknown
2026-08-31T13:40:10.078+02:00  INFO 8216 --- [backend] [           main] org.hibernate.orm.core                   : HHH000489: No JTA platform available (set 'hibernate.transaction.jta.platform' to enable JTA platform integration)
2026-08-31T13:40:10.223+02:00  INFO 8216 --- [backend] [           main] j.LocalContainerEntityManagerFactoryBean : Initialized JPA EntityManagerFactory for persistence unit 'default'
2026-08-31T13:40:10.269+02:00  INFO 8216 --- [backend] [           main] o.s.d.j.r.query.QueryEnhancerFactories   : Hibernate is in classpath; If applicable, HQL parser will be used.
2026-08-31T13:40:11.032+02:00  INFO 8216 --- [backend] [           main] r$InitializeUserDetailsManagerConfigurer : Global AuthenticationManager configured with UserDetailsService bean with name customUserDetailsService
2026-08-31T13:40:11.071+02:00  WARN 8216 --- [backend] [           main] JpaBaseConfiguration$JpaWebConfiguration : spring.jpa.open-in-view is enabled by default. Therefore, database queries may be performed during view rendering. Explicitly configure spring.jpa.open-in-view to disable this warning
2026-08-31T13:40:11.446+02:00  INFO 8216 --- [backend] [           main] o.s.boot.tomcat.TomcatWebServer          : Tomcat started on port 8081 (http) with context path '/'
2026-08-31T13:40:11.451+02:00  INFO 8216 --- [backend] [           main] com.yspace.backend.BackendApplication    : Started BackendApplication in 4.854 seconds (process running for 5.176)
2026-08-31T13:42:56.971+02:00  INFO 8216 --- [backend] [nio-8081-exec-1] o.a.c.c.C.[Tomcat].[localhost].[/]       : Initializing Spring DispatcherServlet 'dispatcherServlet'
2026-08-31T13:42:56.971+02:00  INFO 8216 --- [backend] [nio-8081-exec-1] o.s.web.servlet.DispatcherServlet        : Initializing Servlet 'dispatcherServlet'
2026-08-31T13:42:56.972+02:00  INFO 8216 --- [backend] [nio-8081-exec-1] o.s.web.servlet.DispatcherServlet        : Completed initialization in 0 ms
[ERROR] Failed to execute goal org.springframework.boot:spring-boot-maven-plugin:4.0.6:run (default-cli) on project backend: Process terminated with exit code: -1 -> [Help 1]
[ERROR] 
[ERROR] To see the full stack trace of the errors, re-run Maven with the -e switch.
[ERROR] Re-run Maven using the -X switch to enable full debug logging.
[ERROR] 
[ERROR] For more information about the errors and possible solutions, please read the following articles:
[ERROR] [Help 1] http://cwiki.apache.org/confluence/display/MAVEN/MojoExecutionException
